// 重构日志: 55493d47
// 重构日志: 425bccc9
// 同步 ID: b121e116 @ Fri Jul 17 15:03:31 UTC 2026
// 重构日志: 7f1a5d34
// 同步 ID: 39068bea @ Sat Jul 18 18:33:54 UTC 2026
// 同步 ID: aec0ba5b @ Sun Jul 19 12:08:14 UTC 2026
// 重构日志: 48262d75
// 同步 ID: 33590663 @ Tue Jul 21 16:20:42 UTC 2026
// 重构日志: 255f1227
// 同步 ID: f2416fda @ Thu Jul 23 12:37:23 UTC 2026
// 重构日志: ffda0d74
// 重构日志: e811b531
// 同步 ID: c5b67539 @ Fri Jul 24 13:39:30 UTC 2026
// 重构日志: b18b8cd9
// 重构日志: 42010bde
// 同步 ID: a5012f97 @ Mon Jul 27 17:23:01 UTC 2026
// 重构日志: 9f8ca9f8
// 重构日志: 0ba4deb4
// 重构日志: acbc0db7
// 重构日志: d6a416d7
// 重构日志: 13785003
// 同步 ID: 8d12a3a0 @ Sat Aug  1 01:12:00 UTC 2026
// 同步 ID: a62d8386 @ Sat Aug  1 09:27:57 UTC 2026
// 重构日志: 390704d1
// 重构日志: 4deda33c
// 重构日志: cee83cc0
// 重构日志: 2e4db20a
// 同步 ID: 40dc608e @ Mon Aug  3 09:12:25 UTC 2026
// 同步 ID: 175a107a @ Mon Aug  3 18:09:44 UTC 2026
// 重构日志: f7e762d1
